--
-- LIMIT
-- Check the LIMIT/OFFSET feature of SELECT
--
\set ECHO none
--Testcase 57:
CREATE EXTENSION griddb_fdw;
--Testcase 58:
CREATE SERVER griddb_svr FOREIGN DATA WRAPPER griddb_fdw OPTIONS (host :GRIDDB_HOST, port :GRIDDB_PORT, clustername 'griddbfdwTestCluster');
--Testcase 59:
CREATE USER MAPPING FOR public SERVER griddb_svr OPTIONS (username :GRIDDB_USER, password :GRIDDB_PASS);
--Testcase 60:
CREATE FOREIGN TABLE onek(
  unique1     int4 OPTIONS (rowkey 'true'),
  unique2     int4,
  two         int4,
  four        int4,
  ten         int4,
  twenty      int4,
  hundred     int4,
  thousand    int4,
  twothousand int4,
  fivethous   int4,
  tenthous    int4,
  odd         int4,
  even        int4,
  stringu1    text,
  stringu2    text,
  string4     text
) SERVER griddb_svr;
--Testcase 61:
CREATE FOREIGN TABLE int8_tbl(id serial OPTIONS (rowkey 'true'), q1 int8, q2 int8) SERVER griddb_svr;
--Testcase 62:
CREATE FOREIGN TABLE tenk1 (
  unique1     int4 OPTIONS (rowkey 'true'),
  unique2     int4,
  two         int4,
  four        int4,
  ten         int4,
  twenty      int4,
  hundred     int4,
  thousand    int4,
  twothousand int4,
  fivethous   int4,
  tenthous    int4,
  odd         int4,
  even        int4,
  stringu1    text,
  stringu2    text,
  string4     text
) SERVER griddb_svr;
--Testcase 1:
SELECT ''::text AS two, unique1, unique2, stringu1
    FROM onek WHERE unique1 > 50
    ORDER BY unique1 LIMIT 2;
 two | unique1 | unique2 | stringu1 
-----+---------+---------+----------
     |      51 |      76 | ZBAAAA
     |      52 |     985 | ACAAAA
(2 rows)

--Testcase 2:
SELECT ''::text AS five, unique1, unique2, stringu1
    FROM onek WHERE unique1 > 60
    ORDER BY unique1 LIMIT 5;
 five | unique1 | unique2 | stringu1 
------+---------+---------+----------
      |      61 |     560 | JCAAAA
      |      62 |     633 | KCAAAA
      |      63 |     296 | LCAAAA
      |      64 |     479 | MCAAAA
      |      65 |      64 | NCAAAA
(5 rows)

--Testcase 3:
SELECT ''::text AS two, unique1, unique2, stringu1
    FROM onek WHERE unique1 > 60 AND unique1 < 63
    ORDER BY unique1 LIMIT 5;
 two | unique1 | unique2 | stringu1 
-----+---------+---------+----------
     |      61 |     560 | JCAAAA
     |      62 |     633 | KCAAAA
(2 rows)

--Testcase 4:
SELECT ''::text AS three, unique1, unique2, stringu1
    FROM onek WHERE unique1 > 100
    ORDER BY unique1 LIMIT 3 OFFSET 20;
 three | unique1 | unique2 | stringu1 
-------+---------+---------+----------
       |     121 |     700 | REAAAA
       |     122 |     519 | SEAAAA
       |     123 |     777 | TEAAAA
(3 rows)

--Testcase 5:
SELECT ''::text AS zero, unique1, unique2, stringu1
    FROM onek WHERE unique1 < 50
    ORDER BY unique1 DESC LIMIT 8 OFFSET 99;
 zero | unique1 | unique2 | stringu1 
------+---------+---------+----------
(0 rows)

--Testcase 6:
SELECT ''::text AS eleven, unique1, unique2, stringu1
    FROM onek WHERE unique1 < 50
    ORDER BY unique1 DESC LIMIT 20 OFFSET 39;
 eleven | unique1 | unique2 | stringu1 
--------+---------+---------+----------
        |      10 |     520 | KAAAAA
        |       9 |      49 | JAAAAA
        |       8 |     653 | IAAAAA
        |       7 |     647 | HAAAAA
        |       6 |     978 | GAAAAA
        |       5 |     541 | FAAAAA
        |       4 |     833 | EAAAAA
        |       3 |     431 | DAAAAA
        |       2 |     326 | CAAAAA
        |       1 |     214 | BAAAAA
        |       0 |     998 | AAAAAA
(11 rows)

--Testcase 7:
SELECT ''::text AS ten, unique1, unique2, stringu1
    FROM onek
    ORDER BY unique1 OFFSET 990;
 ten | unique1 | unique2 | stringu1 
-----+---------+---------+----------
     |     990 |     369 | CMAAAA
     |     991 |     426 | DMAAAA
     |     992 |     363 | EMAAAA
     |     993 |     661 | FMAAAA
     |     994 |     695 | GMAAAA
     |     995 |     144 | HMAAAA
     |     996 |     258 | IMAAAA
     |     997 |      21 | JMAAAA
     |     998 |     549 | KMAAAA
     |     999 |     152 | LMAAAA
(10 rows)

--Testcase 8:
SELECT ''::text AS five, unique1, unique2, stringu1
    FROM onek
    ORDER BY unique1 OFFSET 990 LIMIT 5;
 five | unique1 | unique2 | stringu1 
------+---------+---------+----------
      |     990 |     369 | CMAAAA
      |     991 |     426 | DMAAAA
      |     992 |     363 | EMAAAA
      |     993 |     661 | FMAAAA
      |     994 |     695 | GMAAAA
(5 rows)

--Testcase 9:
SELECT ''::text AS five, unique1, unique2, stringu1
    FROM onek
    ORDER BY unique1 LIMIT 5 OFFSET 900;
 five | unique1 | unique2 | stringu1 
------+---------+---------+----------
      |     900 |     913 | QIAAAA
      |     901 |     931 | RIAAAA
      |     902 |     702 | SIAAAA
      |     903 |     641 | TIAAAA
      |     904 |     793 | UIAAAA
(5 rows)

-- Test null limit and offset.  The planner would discard a simple null
-- constant, so to ensure executor is exercised, do this:
--Testcase 10:
select q1, q2 from int8_tbl limit (case when random() < 0.5 then null::bigint end);
        q1        |        q2         
------------------+-------------------
              123 |               456
              123 |  4567890123456789
 4567890123456789 |               123
 4567890123456789 |  4567890123456789
 4567890123456789 | -4567890123456789
(5 rows)

--Testcase 11:
select q1, q2 from int8_tbl offset (case when random() < 0.5 then null::bigint end);
        q1        |        q2         
------------------+-------------------
              123 |               456
              123 |  4567890123456789
 4567890123456789 |               123
 4567890123456789 |  4567890123456789
 4567890123456789 | -4567890123456789
(5 rows)

-- Test assorted cases involving backwards fetch from a LIMIT plan node
begin;
declare c1 scroll cursor for select q1, q2 from int8_tbl limit 10;
--Testcase 12:
fetch all in c1;
        q1        |        q2         
------------------+-------------------
              123 |               456
              123 |  4567890123456789
 4567890123456789 |               123
 4567890123456789 |  4567890123456789
 4567890123456789 | -4567890123456789
(5 rows)

--Testcase 13:
fetch 1 in c1;
 q1 | q2 
----+----
(0 rows)

--Testcase 14:
fetch backward 1 in c1;
        q1        |        q2         
------------------+-------------------
 4567890123456789 | -4567890123456789
(1 row)

--Testcase 15:
fetch backward all in c1;
        q1        |        q2        
------------------+------------------
 4567890123456789 | 4567890123456789
 4567890123456789 |              123
              123 | 4567890123456789
              123 |              456
(4 rows)

--Testcase 16:
fetch backward 1 in c1;
 q1 | q2 
----+----
(0 rows)

--Testcase 17:
fetch all in c1;
        q1        |        q2         
------------------+-------------------
              123 |               456
              123 |  4567890123456789
 4567890123456789 |               123
 4567890123456789 |  4567890123456789
 4567890123456789 | -4567890123456789
(5 rows)

declare c2 scroll cursor for select q1, q2 from int8_tbl limit 3;
--Testcase 18:
fetch all in c2;
        q1        |        q2        
------------------+------------------
              123 |              456
              123 | 4567890123456789
 4567890123456789 |              123
(3 rows)

--Testcase 19:
fetch 1 in c2;
 q1 | q2 
----+----
(0 rows)

--Testcase 20:
fetch backward 1 in c2;
        q1        | q2  
------------------+-----
 4567890123456789 | 123
(1 row)

--Testcase 21:
fetch backward all in c2;
 q1  |        q2        
-----+------------------
 123 | 4567890123456789
 123 |              456
(2 rows)

--Testcase 22:
fetch backward 1 in c2;
 q1 | q2 
----+----
(0 rows)

--Testcase 23:
fetch all in c2;
        q1        |        q2        
------------------+------------------
              123 |              456
              123 | 4567890123456789
 4567890123456789 |              123
(3 rows)

declare c3 scroll cursor for select q1, q2 from int8_tbl offset 3;
--Testcase 24:
fetch all in c3;
        q1        |        q2         
------------------+-------------------
 4567890123456789 |  4567890123456789
 4567890123456789 | -4567890123456789
(2 rows)

--Testcase 25:
fetch 1 in c3;
 q1 | q2 
----+----
(0 rows)

--Testcase 26:
fetch backward 1 in c3;
        q1        |        q2         
------------------+-------------------
 4567890123456789 | -4567890123456789
(1 row)

--Testcase 27:
fetch backward all in c3;
        q1        |        q2        
------------------+------------------
 4567890123456789 | 4567890123456789
(1 row)

--Testcase 28:
fetch backward 1 in c3;
 q1 | q2 
----+----
(0 rows)

--Testcase 29:
fetch all in c3;
        q1        |        q2         
------------------+-------------------
 4567890123456789 |  4567890123456789
 4567890123456789 | -4567890123456789
(2 rows)

declare c4 scroll cursor for select q1, q2 from int8_tbl offset 10;
--Testcase 30:
fetch all in c4;
 q1 | q2 
----+----
(0 rows)

--Testcase 31:
fetch 1 in c4;
 q1 | q2 
----+----
(0 rows)

--Testcase 32:
fetch backward 1 in c4;
 q1 | q2 
----+----
(0 rows)

--Testcase 33:
fetch backward all in c4;
 q1 | q2 
----+----
(0 rows)

--Testcase 34:
fetch backward 1 in c4;
 q1 | q2 
----+----
(0 rows)

--Testcase 35:
fetch all in c4;
 q1 | q2 
----+----
(0 rows)

declare c5 scroll cursor for select q1, q2 from int8_tbl order by q1 fetch first 2 rows with ties;
ERROR:  syntax error at or near "with"
LINE 1: ..., q2 from int8_tbl order by q1 fetch first 2 rows with ties;
                                                             ^
--Testcase 63:
fetch all in c5;
ERROR:  current transaction is aborted, commands ignored until end of transaction block
--Testcase 64:
fetch 1 in c5;
ERROR:  current transaction is aborted, commands ignored until end of transaction block
--Testcase 65:
fetch backward 1 in c5;
ERROR:  current transaction is aborted, commands ignored until end of transaction block
--Testcase 66:
fetch backward 1 in c5;
ERROR:  current transaction is aborted, commands ignored until end of transaction block
--Testcase 67:
fetch all in c5;
ERROR:  current transaction is aborted, commands ignored until end of transaction block
--Testcase 68:
fetch backward all in c5;
ERROR:  current transaction is aborted, commands ignored until end of transaction block
--Testcase 69:
fetch all in c5;
ERROR:  current transaction is aborted, commands ignored until end of transaction block
--Testcase 70:
fetch backward all in c5;
ERROR:  current transaction is aborted, commands ignored until end of transaction block
rollback;
-- Stress test for variable LIMIT in conjunction with bounded-heap sorting
BEGIN;
--Testcase 36:
DELETE FROM INT8_TBL;
--Testcase 37:
INSERT INTO INT8_TBL(q1) SELECT q1 FROM generate_series(1,10) q1;
--Testcase 38:
SELECT
  (SELECT s.q1 
     FROM (VALUES (1)) AS x,
          (SELECT q1 FROM INT8_TBL as n 
             ORDER BY q1 LIMIT 1 OFFSET s.q1-1) AS y) AS z
  FROM INT8_TBL AS s;
 z  
----
  1
  2
  3
  4
  5
  6
  7
  8
  9
 10
(10 rows)

ROLLBACK;
--
-- Test behavior of volatile and set-returning functions in conjunction
-- with ORDER BY and LIMIT.
--
--Testcase 71:
create temp sequence testseq;
--Testcase 39:
explain (verbose, costs off)
select unique1, unique2, nextval('testseq')
  from tenk1 order by unique2 limit 10;
                           QUERY PLAN                           
----------------------------------------------------------------
 Limit
   Output: unique1, unique2, (nextval('testseq'::regclass))
   ->  Foreign Scan on public.tenk1
         Output: unique1, unique2, nextval('testseq'::regclass)
         Remote SQL: SELECT  *  FROM tenk1 ORDER BY unique2 ASC
(5 rows)

--Testcase 40:
select unique1, unique2, nextval('testseq')
  from tenk1 order by unique2 limit 10;
 unique1 | unique2 | nextval 
---------+---------+---------
    8800 |       0 |       1
    1891 |       1 |       2
    3420 |       2 |       3
    9850 |       3 |       4
    7164 |       4 |       5
    8009 |       5 |       6
    5057 |       6 |       7
    6701 |       7 |       8
    4321 |       8 |       9
    3043 |       9 |      10
(10 rows)

--Testcase 41:
select currval('testseq');
 currval 
---------
      10
(1 row)

--Testcase 42:
explain (verbose, costs off)
select unique1, unique2, nextval('testseq')
  from tenk1 order by tenthous limit 10;
                                QUERY PLAN                                
--------------------------------------------------------------------------
 Limit
   Output: unique1, unique2, (nextval('testseq'::regclass)), tenthous
   ->  Foreign Scan on public.tenk1
         Output: unique1, unique2, nextval('testseq'::regclass), tenthous
         Remote SQL: SELECT  *  FROM tenk1 ORDER BY tenthous ASC
(5 rows)

--Testcase 43:
select unique1, unique2, nextval('testseq')
  from tenk1 order by tenthous limit 10;
 unique1 | unique2 | nextval 
---------+---------+---------
       0 |    9998 |      11
       1 |    2838 |      12
       2 |    2716 |      13
       3 |    5679 |      14
       4 |    1621 |      15
       5 |    5557 |      16
       6 |    2855 |      17
       7 |    8518 |      18
       8 |    5435 |      19
       9 |    4463 |      20
(10 rows)

--Testcase 44:
select currval('testseq');
 currval 
---------
      20
(1 row)

--Testcase 45:
explain (verbose, costs off)
select unique1, unique2, generate_series(1,10)
  from tenk1 order by unique2 limit 7;
                                                                         QUERY PLAN                                                                          
-------------------------------------------------------------------------------------------------------------------------------------------------------------
 Limit
   Output: unique1, unique2, (generate_series(1, 10))
   ->  ProjectSet
         Output: unique1, unique2, generate_series(1, 10)
         ->  Foreign Scan on public.tenk1
               Output: unique1, unique2, two, four, ten, twenty, hundred, thousand, twothousand, fivethous, tenthous, odd, even, stringu1, stringu2, string4
               Remote SQL: SELECT  *  FROM tenk1 ORDER BY unique2 ASC
(7 rows)

--Testcase 46:
select unique1, unique2, generate_series(1,10)
  from tenk1 order by unique2 limit 7;
 unique1 | unique2 | generate_series 
---------+---------+-----------------
    8800 |       0 |               1
    8800 |       0 |               2
    8800 |       0 |               3
    8800 |       0 |               4
    8800 |       0 |               5
    8800 |       0 |               6
    8800 |       0 |               7
(7 rows)

--Testcase 47:
explain (verbose, costs off)
select unique1, unique2, generate_series(1,10)
  from tenk1 order by tenthous limit 7;
                                                                         QUERY PLAN                                                                          
-------------------------------------------------------------------------------------------------------------------------------------------------------------
 Limit
   Output: unique1, unique2, (generate_series(1, 10)), tenthous
   ->  ProjectSet
         Output: unique1, unique2, generate_series(1, 10), tenthous
         ->  Foreign Scan on public.tenk1
               Output: unique1, unique2, two, four, ten, twenty, hundred, thousand, twothousand, fivethous, tenthous, odd, even, stringu1, stringu2, string4
               Remote SQL: SELECT  *  FROM tenk1 ORDER BY tenthous ASC
(7 rows)

--Testcase 48:
select unique1, unique2, generate_series(1,10)
  from tenk1 order by tenthous limit 7;
 unique1 | unique2 | generate_series 
---------+---------+-----------------
       0 |    9998 |               1
       0 |    9998 |               2
       0 |    9998 |               3
       0 |    9998 |               4
       0 |    9998 |               5
       0 |    9998 |               6
       0 |    9998 |               7
(7 rows)

-- use of random() is to keep planner from folding the expressions together
BEGIN;
--Testcase 49:
DELETE FROM INT8_TBL;
--Testcase 50:
INSERT INTO INT8_TBL(q1, q2) VALUES (generate_series(0,2), generate_series((random()*.1)::int,2));
--Testcase 51:
explain (verbose, costs off)
select q1, q2 from INT8_TBL;
               QUERY PLAN               
----------------------------------------
 Foreign Scan on public.int8_tbl
   Output: q1, q2
   Remote SQL: SELECT  *  FROM int8_tbl
(3 rows)

--Testcase 52:
select q1, q2 from INT8_TBL;
 q1 | q2 
----+----
  0 |  0
  1 |  1
  2 |  2
(3 rows)

--Testcase 53:
explain (verbose, costs off)
select q1, q2 from INT8_TBL order by q2 desc;
                       QUERY PLAN                        
---------------------------------------------------------
 Foreign Scan on public.int8_tbl
   Output: q1, q2
   Remote SQL: SELECT  *  FROM int8_tbl ORDER BY q2 DESC
(3 rows)

--Testcase 54:
select q1, q2 from INT8_TBL order by q2 desc;
 q1 | q2 
----+----
  2 |  2
  1 |  1
  0 |  0
(3 rows)

ROLLBACK;
-- test for failure to set all aggregates' aggtranstype
--Testcase 55:
explain (verbose, costs off)
select sum(tenthous) as s1, sum(tenthous) + random()*0 as s2
  from tenk1 group by thousand order by thousand limit 3;
                                                                         QUERY PLAN                                                                          
-------------------------------------------------------------------------------------------------------------------------------------------------------------
 Limit
   Output: (sum(tenthous)), (((sum(tenthous))::double precision + (random() * '0'::double precision))), thousand
   ->  GroupAggregate
         Output: sum(tenthous), ((sum(tenthous))::double precision + (random() * '0'::double precision)), thousand
         Group Key: tenk1.thousand
         ->  Foreign Scan on public.tenk1
               Output: unique1, unique2, two, four, ten, twenty, hundred, thousand, twothousand, fivethous, tenthous, odd, even, stringu1, stringu2, string4
               Remote SQL: SELECT  *  FROM tenk1 ORDER BY thousand ASC
(8 rows)

--Testcase 56:
select sum(tenthous) as s1, sum(tenthous) + random()*0 as s2
  from tenk1 group by thousand order by thousand limit 3;
  s1   |  s2   
-------+-------
 45000 | 45000
 45010 | 45010
 45020 | 45020
(3 rows)

--
-- FETCH FIRST
-- Check the WITH TIES clause
--
--Testcase 72:
SELECT  thousand
		FROM onek WHERE thousand < 5
		ORDER BY thousand FETCH FIRST 2 ROW WITH TIES;
ERROR:  syntax error at or near "WITH"
LINE 3:   ORDER BY thousand FETCH FIRST 2 ROW WITH TIES;
                                              ^
--Testcase 73:
SELECT  thousand
		FROM onek WHERE thousand < 5
		ORDER BY thousand FETCH FIRST ROWS WITH TIES;
ERROR:  syntax error at or near "WITH"
LINE 3:   ORDER BY thousand FETCH FIRST ROWS WITH TIES;
                                             ^
--Testcase 74:
SELECT  thousand
		FROM onek WHERE thousand < 5
		ORDER BY thousand FETCH FIRST 1 ROW WITH TIES;
ERROR:  syntax error at or near "WITH"
LINE 3:   ORDER BY thousand FETCH FIRST 1 ROW WITH TIES;
                                              ^
--Testcase 75:
SELECT  thousand
		FROM onek WHERE thousand < 5
		ORDER BY thousand FETCH FIRST 2 ROW ONLY;
 thousand 
----------
        0
        0
(2 rows)

-- should fail
--Testcase 76:
SELECT ''::text AS two, unique1, unique2, stringu1
		FROM onek WHERE unique1 > 50
		FETCH FIRST 2 ROW WITH TIES;
ERROR:  syntax error at or near "WITH"
LINE 3:   FETCH FIRST 2 ROW WITH TIES;
                            ^
-- test ruleutils
--Testcase 77:
CREATE VIEW limit_thousand_v_1 AS SELECT thousand FROM onek WHERE thousand < 995
		ORDER BY thousand FETCH FIRST 5 ROWS WITH TIES OFFSET 10;
ERROR:  syntax error at or near "WITH"
LINE 2:   ORDER BY thousand FETCH FIRST 5 ROWS WITH TIES OFFSET 10;
                                               ^
--Testcase 78:
\d+ limit_thousand_v_1
--Testcase 79:
CREATE VIEW limit_thousand_v_2 AS SELECT thousand FROM onek WHERE thousand < 995
		ORDER BY thousand OFFSET 10 FETCH FIRST 5 ROWS ONLY;
--Testcase 80:
\d+ limit_thousand_v_2
                      View "public.limit_thousand_v_2"
  Column  |  Type   | Collation | Nullable | Default | Storage | Description 
----------+---------+-----------+----------+---------+---------+-------------
 thousand | integer |           |          |         | plain   | 
View definition:
 SELECT onek.thousand
   FROM onek
  WHERE onek.thousand < 995
  ORDER BY onek.thousand
 OFFSET 10
 LIMIT 5;

--Testcase 81:
CREATE VIEW limit_thousand_v_3 AS SELECT thousand FROM onek WHERE thousand < 995
		ORDER BY thousand FETCH FIRST NULL ROWS WITH TIES;		-- fails
ERROR:  syntax error at or near "WITH"
LINE 2:   ORDER BY thousand FETCH FIRST NULL ROWS WITH TIES;
                                                  ^
--Testcase 82:
CREATE VIEW limit_thousand_v_3 AS SELECT thousand FROM onek WHERE thousand < 995
		ORDER BY thousand FETCH FIRST (NULL+1) ROWS WITH TIES;
ERROR:  syntax error at or near "WITH"
LINE 2:   ORDER BY thousand FETCH FIRST (NULL+1) ROWS WITH TIES;
                                                      ^
--Testcase 83:
\d+ limit_thousand_v_3
--Testcase 84:
CREATE VIEW limit_thousand_v_4 AS SELECT thousand FROM onek WHERE thousand < 995
		ORDER BY thousand FETCH FIRST NULL ROWS ONLY;
--Testcase 85:
\d+ limit_thousand_v_4
                      View "public.limit_thousand_v_4"
  Column  |  Type   | Collation | Nullable | Default | Storage | Description 
----------+---------+-----------+----------+---------+---------+-------------
 thousand | integer |           |          |         | plain   | 
View definition:
 SELECT onek.thousand
   FROM onek
  WHERE onek.thousand < 995
  ORDER BY onek.thousand
 LIMIT ALL;

-- leave these views
--Testcase 86:
DROP VIEW limit_thousand_v_1;
ERROR:  view "limit_thousand_v_1" does not exist
--Testcase 87:
DROP VIEW limit_thousand_v_2;
--Testcase 88:
DROP VIEW limit_thousand_v_3;
ERROR:  view "limit_thousand_v_3" does not exist
--Testcase 89:
DROP VIEW limit_thousand_v_4;
--Testcase 90:
DROP FOREIGN TABLE onek;
--Testcase 91:
DROP FOREIGN TABLE int8_tbl;
--Testcase 92:
DROP FOREIGN TABLE tenk1;
--Testcase 93:
DROP USER MAPPING FOR public SERVER griddb_svr;
--Testcase 94:
DROP SERVER griddb_svr;
--Testcase 95:
DROP EXTENSION griddb_fdw CASCADE;
